// Jest Snapshot v1, https://goo.gl/fbAQLP

exports[`visitOperator 1`] = `
"deps:
  linting:
    - linting-1: ^2.4.2
    - linting-2: ^5.8.0
    - linting-3: ^8.5.0
  testing:
    - testing-1: ^27.0.3
    - # comments should be ok
      testing-2: ^27.4.5
    - testing-3: ^27.1.2

here:
  too:
    nested:
      - nested-1: ^16.11.6
      - nested-2: next

# comments
results:
  set1:
    nested: 0
    testing: 1
    pkg: latest

  set2:
    nested: 0
"
`;
